// Jest Snapshot v1, https://goo.gl/fbAQLP

exports[`should display the list of entries 1`] = `
<div>
   
  <div>
    <ul />
  </div>
   
</div>
`;
